> table_test<-read.xlsx('/Users/neonrocks/Desktop/抽样调查期末报告的副本/二手车交易信息的副本.xlsx')
Error in read.xlsx("/Users/neonrocks/Desktop/抽样调查期末报告的副本/二手车交易信息的副本.xlsx") : 
  Please provide a sheet name OR a sheet index.
> table_test<-read_excel('/Users/neonrocks/Desktop/抽样调查期末报告的副本/二手车交易信息的副本.xlsx')
> table_test
# A tibble: 497 x 13
   X__2   X__1 厂商指导价 车辆归属地 品牌id 车系id  车型id   里程 最高有效出价 检测等级
   <chr> <dbl>      <dbl> <chr>       <dbl>  <dbl>   <dbl>  <dbl>        <dbl> <chr>   
 1 1      2.00      37.6  成都市      73.0   383      3630  28181       200200 二级    
 2 2      4.00      13.2  成都市      38.0   875      6944  96507        16800 四级    
 3 3      5.00      20.0  南京市       8.00  577     14067  84933        91300 三级    
 4 4      8.00      12.9  南京市      67.0   519     14773  17898        80000 二级    
 5 5     11.0       50.0  南京市      15.0    65.0    6808  26146       402200 二级    
 6 6     12.0       16.3  南京市       1.00  442     11598  71671        60900 三级    
 7 7     14.0       20.9  南京市      38.0   166      3281 106014       121000 三级    
 8 8     16.0        6.98 成都市      62.0   454      8858 103385        19100 三级    
 9 9     17.0       16.0  成都市      38.0  2896      7222  66815        90900 二级    
10 10    18.0       12.5  南京市       1.00  614   9005852  26512        91500 三级    
# ... with 487 more rows, and 3 more variables: 有效出价数量 <dbl>, 商户成交价 <dbl>,
#   贬值率 <dbl>
> sub1=sample(table_test, 30, replace = FALSE, prob =NULL)
Error in sample.int(length(x), size, replace, prob) : 
  'replace = FALSE'，因此不能取比总体要大的样本
 
> sub1=sample(nrow(table_test), 30, replace = FALSE, prob =NULL)
> sub1
 [1] 343 352 476 404 443 383 249 168 478 427 456 103 274 448  60 183 399  19 347 175  26
[22] 481 228  53 372 447 153 224 212 351
> table_test1=table_test[sub1,]
> table_test1
# A tibble: 30 x 13
   X__2   X__1 厂商指导价 车辆归属地 品牌id 车系id  车型id   里程 最高有效出价 检测等级
   <chr> <dbl>      <dbl> <chr>       <dbl>  <dbl>   <dbl>  <dbl>        <dbl> <chr>   
 1 343     500      12.6  重庆市       1.00    614    5694  27676        66800 三级    
 2 352     521      19.4  北京市       1.00    333   13730  56268       101000 三级    
 3 476     692      12.0  深圳市       8.00   2871    4876  24266        78000 二级    
 4 404     598       9.98 苏州市       1.00    207    9617 162569        36900 三级    
 5 443     647      20.9  成都市      38.0     166    7371  84129       125600 二级    
 6 383     570      11.3  温州市      62.0    2886 9001123  11396        82600 一级    
 7 249     380      12.0  苏州市      63.0     425    8388 127971        27700 二级    
 8 168     259      67.5  上海市      36.0     197   12429 102347       212200 四级    
 9 478     696      12.5  宁波市      67.0     519   10808  55060        40100 三级    
10 427     627      22.0  太原市       1.00    496    6228  98058       138300 三级    
# ... with 20 more rows, and 3 more variables: 有效出价数量 <dbl>, 商户成交价 <dbl>,
#   贬值率 <dbl>
> write.xlsx(table_test1,'/Users/neonrocks/Desktop/抽样调查期末报告的副本/二手车成交信息的副本.xlsx')
> read_excel('/Users/neonrocks/Desktop/抽样调查期末报告的副本/二手车成交信息的副本.xlsx')
# A tibble: 30 x 14
   X__3  X__2   X__1 厂商指导价 车辆归属地 品牌id 车系id  车型id   里程 最高有效出价
   <chr> <chr> <dbl>      <dbl> <chr>       <dbl>  <dbl>   <dbl>  <dbl>        <dbl>
 1 1     343     500      12.6  重庆市       1.00    614    5694  27676        66800
 2 2     352     521      19.4  北京市       1.00    333   13730  56268       101000
 3 3     476     692      12.0  深圳市       8.00   2871    4876  24266        78000
 4 4     404     598       9.98 苏州市       1.00    207    9617 162569        36900
 5 5     443     647      20.9  成都市      38.0     166    7371  84129       125600
 6 6     383     570      11.3  温州市      62.0    2886 9001123  11396        82600
 7 7     249     380      12.0  苏州市      63.0     425    8388 127971        27700
 8 8     168     259      67.5  上海市      36.0     197   12429 102347       212200
 9 9     478     696      12.5  宁波市      67.0     519   10808  55060        40100
10 10    427     627      22.0  太原市       1.00    496    6228  98058       138300
# ... with 20 more rows, and 4 more variables: 检测等级 <chr>, 有效出价数量 <dbl>,
#   商户成交价 <dbl>, 贬值率 <dbl>
> table_test1
# A tibble: 30 x 13
   X__2   X__1 厂商指导价 车辆归属地 品牌id 车系id  车型id   里程 最高有效出价 检测等级
   <chr> <dbl>      <dbl> <chr>       <dbl>  <dbl>   <dbl>  <dbl>        <dbl> <chr>   
 1 343     500      12.6  重庆市       1.00    614    5694  27676        66800 三级    
 2 352     521      19.4  北京市       1.00    333   13730  56268       101000 三级    
 3 476     692      12.0  深圳市       8.00   2871    4876  24266        78000 二级    
 4 404     598       9.98 苏州市       1.00    207    9617 162569        36900 三级    
 5 443     647      20.9  成都市      38.0     166    7371  84129       125600 二级    
 6 383     570      11.3  温州市      62.0    2886 9001123  11396        82600 一级    
 7 249     380      12.0  苏州市      63.0     425    8388 127971        27700 二级    
 8 168     259      67.5  上海市      36.0     197   12429 102347       212200 四级    
 9 478     696      12.5  宁波市      67.0     519   10808  55060        40100 三级    
10 427     627      22.0  太原市       1.00    496    6228  98058       138300 三级    
# ... with 20 more rows, and 3 more variables: 有效出价数量 <dbl>, 商户成交价 <dbl>,
#   贬值率 <dbl>
> var(table_test[,12])
           商户成交价
商户成交价   38.74774
> var(table_test[,13])
           贬值率
贬值率 0.02852907
> mean(table_test[,13])
[1] NA
Warning message:
In mean.default(table_test[, 13]) : 参数不是数值也不是逻辑值：回覆NA
> mean(table_test1[,13])
[1] NA
Warning message:
In mean.default(table_test1[, 13]) : 参数不是数值也不是逻辑值：回覆NA
> var(table_test1[,13])
           贬值率
贬值率 0.02563451
> mean(table_test1[,13])
[1] NA
Warning message:
In mean.default(table_test1[, 13]) : 参数不是数值也不是逻辑值：回覆NA
> mean(table_test1[,13],na.rm=TRUE)
[1] NA
Warning message:
In mean.default(table_test1[, 13], na.rm = TRUE) :
  参数不是数值也不是逻辑值：回覆NA
> x=table_test1[,13]
> x
# A tibble: 30 x 1
   贬值率
    <dbl>
 1  0.529
 2  0.510
 3  0.636
 4  0.363
 5  0.583
 6  0.730
 7  0.225
 8  0.306
 9  0.311
10  0.614
# ... with 20 more rows
> mean(x)
[1] NA
Warning message:
In mean.default(x) : 参数不是数值也不是逻辑值：回覆NA
> NA
[1] NA
> x
# A tibble: 30 x 1
   贬值率
    <dbl>
 1  0.529
 2  0.510
 3  0.636
 4  0.363
 5  0.583
 6  0.730
 7  0.225
 8  0.306
 9  0.311
10  0.614
# ... with 20 more rows
> table_test(test$'品牌id')
Error in table_test(test$品牌id) : 没有"table_test"这个函数
> table(test$'品牌id')
Error in table(test$品牌id) : 找不到对象'test'
> table(table_test$'品牌id')

  1   3   8  11  12  13  14  15  19  20  22  25  26  27  33  36  38  41  45  47  49  52 
 80  24  40   1  27   9  33  15   5   2   1   6  11   1  12   7  44   1   2   2   1   1 
 53  56  58  62  63  67  68  71  72  73  75  76  77  80  82  84 113 114 120 130 163 165 
  6   3  16  12  18  11   2  31  13   1  15   7   4   1   2   1   1   9   2   1   4   1 
173 181 203 
  1   9   1 
> table_test('里程')
Error in table_test("里程") : 没有"table_test"这个函数
> table_test[,7]
# A tibble: 497 x 1
    车型id
     <dbl>
 1    3630
 2    6944
 3   14067
 4   14773
 5    6808
 6   11598
 7    3281
 8    8858
 9    7222
10 9005852
# ... with 487 more rows
> table_test[,10]
# A tibble: 497 x 1
   检测等级
   <chr>   
 1 二级    
 2 四级    
 3 三级    
 4 二级    
 5 二级    
 6 三级    
 7 三级    
 8 三级    
 9 二级    
10 三级    
# ... with 487 more rows
> table_test[,8]
# A tibble: 497 x 1
     里程
    <dbl>
 1  28181
 2  96507
 3  84933
 4  17898
 5  26146
 6  71671
 7 106014
 8 103385
 9  66815
10  26512
# ... with 487 more rows
> licheng=table_test[,8]
> licheng
# A tibble: 497 x 1
     里程
    <dbl>
 1  28181
 2  96507
 3  84933
 4  17898
 5  26146
 6  71671
 7 106014
 8 103385
 9  66815
10  26512
# ... with 487 more rows
> max(licheng)
[1] 279373
> min(licheng)
[1] 971
> data.frame(table_test)
    X__2 X__1 厂商指导价     车辆归属地 品牌id 车系id  车型id   里程 最高有效出价 检测等级
1      1    2      37.58         成都市     73    383    3630  28181       200200     二级
2      2    4      13.18         成都市     38    875    6944  96507        16800     四级
3      3    5      19.98         南京市      8    577   14067  84933        91300     三级
4      4    8      12.89         南京市     67    519   14773  17898        80000     二级
5      5   11      49.96         南京市     15     65    6808  26146       402200     二级
6      6   12      16.28         南京市      1    442   11598  71671        60900     三级
7      7   14      20.90         南京市     38    166    3281 106014       121000     三级
8      8   16       6.98         成都市     62    454    8858 103385        19100     三级
9      9   17      15.99         成都市     38   2896    7222  66815        90900     二级
10    10   18      12.49         南京市      1    614 9005852  26512        91500     三级
11    11   19       7.79         成都市     62   2319    4071 111887        46500     三级
12    12   21      12.49         南京市      1    614 9005852  37447        92000     二级
13    13   24       5.49         南京市     76   2119   13401  58140        20700     四级
14    14   25      46.66         成都市     15     65    6807  72431       316100     三级
15    15   27      47.26         成都市     33     18    3170 138715       258000     三级
16    16   28      23.59         南京市     38    834    2772  72876       115800     三级
17    17   30      11.59         南京市     13    877 9008335  23144        65800     三级
18    18   31      11.28         南京市      1    614   13092  98225        50100     三级
19    19   33      12.88         南京市     20    835   12944 108614        38800     三级
20    20   34      26.90         南京市     56    209   13525  17671       152000     二级
21    21   36      11.42         南京市     14     81   10006  62155        48500     三级
22    22   37      19.38         南京市     14    314    2887 110722       125900     三级
23    23   39      29.99         南京市     41    602   12024 279373        85200     四级
24    24   40      47.58         成都市     33    812   13656 105992       226100     四级
25    25   41      38.99         无锡市     33     18   13897  82532       195000     三级
26    26   42      12.48         南京市     13     99    9369  85996        24000     四级
27    27   43       9.98         南京市     12    586    9816  77744        31900     三级
28    28   44      14.79         南京市      1    614    6985  65004        86900     四级
29    29   45      13.98         北京市      8    364    8951  84353        26600     三级
30    30   46      12.19         长沙市      1    614 9003462  45480        95000     二级
31    31   48       6.98         郑州市      3    111    6915  50891        54300     二级
32    32   49      24.30         上海市     38    166    9201 165996        60200     四级
33    33   51       9.28         亳州市    181    395   12996 155328        35100     三级
34    34   52      25.68         上海市     14    880    1884  96995       145800     二级
35    35   54      13.18         上海市     72    639   10078  64582        32500     三级
36    36   55      18.99         重庆市     12     50   14233  78094        87800     二级
37    37   56      12.68         上海市     19    537   12253  59894        41100     三级
38    38   59      13.48         重庆市     14   3085    5918  60680        87000     二级
39    39   60      19.98         重庆市      8    577    9222 162880        53900     三级
40    40   61       7.89         郑州市     67    382   12985  67047        35800     三级
41    41   63       8.98         上海市    120   3677 9002037  22060        70900     一级
42    42   64       7.88         郑州市     77   2120    4040  50835        42800     三级
43    43   65      26.78         苏州市      1    496    3075 108666       142600     三级
44    44   66      10.69         郑州市      1    145   13742  32684        55000     三级
45    45   68      21.78         无锡市    130   2295    1930  65259        89600     四级
46    46   71       4.85         重庆市    114   2451       3 168616        15000     三级
47    47   72      20.98         深圳市     75   2761    7170  38886        77300     二级
48    48   78      18.98         武汉市      3    110    5286 105528       122900     三级
49    49   79      11.39         深圳市     71    657   13119 136618        38400     四级
50    50   83      11.63         深圳市      1    633    4726  57762        63900     二级
51    51   84      17.69         武汉市     38   2896    4449  69018        87900     三级
52    52   85      16.28         郑州市      1    442   13663  87002        63200     三级
53    53   87      21.98         上海市      3    110    2333  94191       128800     三级
54    54   90      15.29         重庆市     58   3294   14882  47135       108300     二级
55    55   91      14.59         南京市      1   3457 9001956  39201       100000     三级
56    56   93      10.88         深圳市      3    109    9140 128398        36000     二级
57    57   94      14.90         南京市     67    519   12537  28832        63900     三级
58    58   96      17.98         上海市     58     22    4019  53957        80000     三级
59    59   97      28.50         东莞市     15   2561    4665  67832       172500     二级
60    60   98      13.78         无锡市     63    448   14873    971        98000     二级
61    61  100      11.63         太原市      1    633    7596  41976        75000     二级
62    62  101       9.83         重庆市      1     16 9001448  49410        71700     二级
63    63  102       3.39         淮安市    163   2605     770   3271        13100     三级
64    64  103      11.99         无锡市     71    657   10783  58854        48000     三级
65    65  104      19.38         深圳市     14    314    2887  42530       126800     二级
66    66  105      12.38         武汉市      3    526   13367  49006        58000     三级
67    67  106      32.99         成都市     33    692   11428  73347       129600     二级
68    68  108      12.19         无锡市     13    987   12260  72427        45200     四级
69    69  109      13.98         安庆市     25   3589 9002369  10477       107600     一级
70    70  111      21.98         深圳市     75   2761 9002974  21146       101800     一级
71    71  112       7.48         深圳市     26    530   10660  70013        14500     三级
72    72  114      16.98         南京市      1    442    8129 171326        33900     四级
73    73  117      15.78         南京市     14    135    8177 104671        41000     四级
74    74  118      17.98         上海市     58     22   10094 124127        60000     四级
75    75  119      13.48         南京市     14   3085    5918  93688        85900     三级
76    76  120      10.98         成都市     12    814   11422  75225        40900     三级
77    77  121      12.88         成都市    181   2123 9001127  52338        86600     三级
78    78  122       7.79         徐州市     62   2319 9001838  56695        50600     二级
79    79  123       6.29         南京市     71    163 9002094  82423        41600     三级
80    80  124      14.39         南宁市      8    364    2930  49731        72100     三级
81    81  126       6.98         深圳市    165   2540    4608 129137        31900     二级
82    82  127      18.16         南通市     67   3171    6485  74610       105300     二级
83    83  128       5.09         常州市     53    872    4169  18865        25800     三级
84    84  130      11.99         成都市     71    657    2647  83420        53100     三级
85    85  131      12.78         苏州市     12   2764 9001680  32812        87900     二级
86    86  132      10.58         成都市     38    875    5069 141118        10800     四级
87    87  133      12.78         成都市      8    364   12911  49458        51200     三级
88    88  135      11.50         成都市     45    620   12972  58735        53000     三级
89    89  136      13.09         宿州市      8    364    2928  67650        71200     三级
90    90  138      19.58         南京市     38    164    8377 185998        22200     四级
91    91  140      26.28         杭州市      8   2863    4568  83934       149500     三级
92    92  144      10.88         成都市     53    529   10799 114699        38100     三级
93    93  145      10.59         昆明市     13    877    5671  38057        52800     三级
94    94  146      10.98         杭州市     63    522   12457  49581        56100     三级
95    95  147      19.78         南京市     14    314   12355  18554       106900     三级
96    96  148      11.58         盐城市     12   2764 9001679  23585        67900     二级
97    97  149      25.58         杭州市     14    859   11298  46343       115000     三级
98    98  150      36.70         杭州市     15    675   12560  67386       142000     四级
99    99  151       8.98         青岛市     14   3859 9004282  33518        82100     一级
100  100  152      16.53         苏州市     38    982    1514 102089        64100     三级
101  101  153       8.99         苏州市     71    657 9000124 103350        65300     三级
102  102  154      10.98         东莞市    181   2123 9001772  29047        81800     二级
103  103  155      26.68         南昌市      1    874   12277  97452       122600     三级
104  104  158      10.08         青岛市      3    109    4810  44185        56300     二级
105  105  160      14.69         商丘市     67    519    9195  89337        41500     三级
106  106  161      12.19         青岛市      1    614 9003462  21893        98900     一级
107  107  163      11.38         苏州市     12     51    6714 159432        14900     四级
108  108  166      13.28         青岛市      1     15    5301 202678        15900     三级
109  109  167      20.90         南京市     38    166    7431  62296       145800     三级
110  110  168       9.48         长沙市      1    207    9616  95535        33500     四级
111  111  169      26.90         西安市     56    209   13525  30055       135700     三级
112  112  170      13.49         青岛市     71    657    2648  21888        52800     四级
113  113  172       9.89         昆明市      8    659    5189  82637        55500     三级
114  114  174      18.98         苏州市      8    117    8724 113359        16200     四级
115  115  175      18.19         深圳市     71   2313    5179  61745       101100     二级
116  116  176       9.39         无锡市     71    439    8495 160093        15800     四级
117  117  178       3.65         宁波市     80    597    2412  19613        11000     三级
118  118  179      21.68         苏州市     38    834    9642  84861        33800     四级
119  119  180      11.28         济南市      8   2871    4875  81344        72100     三级
120  120  181       6.09         北京市     76    705    2876  46737        23800     三级
121  121  182       8.97         昆明市     19   2062    4897  58691        42000     三级
122  122  183      12.88         深圳市     58    363   12866 106504        53000     三级
123  123  184      10.69         深圳市      1    145   13742  76111        56800     二级
124  124  185      10.89         南昌市     72    639   12821  68231        33600     三级
125  125  186      12.38         西安市    181   2123 9004238  26142        83000     二级
126  126  187      10.28         青岛市     63     64   13775 131413        58100     三级
127  127  189      17.98         宿迁市      8    577   11893  65189        52800     四级
128  128  190       8.19         广元市     71    439   12199  58968        22900     三级
129  129  192      19.98         昆明市     63    634   13648  76297        90000     三级
130  130  193      13.77         西安市     38    982   12888 106736        61200     三级
131  131  196      10.98         西安市     12    586    1563  23516        58500     二级
132  132  197       8.49         廊坊市      1 900360 9009779  37423        53700     二级
133  133  199      28.80         长沙市     15 900392 9007384  61928        86700     三级
134  134  200       8.98         青岛市     14   3859 9004282  46559        72000     二级
135  135  201       8.29         北京市     71    439    9041 114787        15500     四级
136  136  203      89.80         常州市     15    153    1949 136670       288900     四级
137  137  205      32.80         南昌市     38    166   13639 118456       159000     三级
138  138  206      11.18         东莞市    181   2123    4414  94415        67100     三级
139  139  208      12.78         西安市      8   2871    4096  49644        72200     三级
140  140  209       6.09         长沙市     26   2953 9002421  10083        34800     三级
141  141  211      12.98         济南市     58   2418    4518  71000        67700     三级
142  142  214      12.38         郴州市      3    526   13367  72028        64800     三级
143  143  215      16.78         北京市      1    442    2719  37481        90000     三级
144  144  217      11.89         深圳市      8    364   10208 144865        28000     二级
145  145  218       8.98         西安市     12     51    8986  98034        15600     四级
146  146  220      10.89         常州市     72    639   12821  75076        32700     四级
147  147  222      46.50         深圳市     36    197   14144 112976       196900     三级
148  148  226      21.58         苏州市      1    528    2489 106791       112900     三级
149  149  227       4.09         西安市     75    579   10878  68178         8800     四级
150  150  228     101.80         深圳市     15    153   11301 108620       392800     三级
151  151  230      13.49         白城市      8    364   10212  68728        41800     三级
152  152  231      16.98         深圳市      3    109    8571 154387        28800     三级
153  153  233      46.87         上海市     33     18    7541  31562       308300     三级
154  154  234      25.59         常州市     38    834    2774  65703       127900     三级
155  155  235      21.98         东莞市     14     78   13889  75449       113800     二级
156  156  237      20.90         西安市     38    166    7431  60956       138600     二级
157  157  239       7.58         长沙市      1     16   12385  32230        34800     三级
158  158  241      49.98         昆明市      8   2024    5264  52180       285900     三级
159  159  246       9.99         杭州市      1 900360 9005950  99825        52100     二级
160  160  248      10.39         商丘市     13    877    2238  77701        44800     二级
161  161  249      38.88         郑州市     47    488   13717 157548       110000     四级
162  162  250      25.68         商丘市     14    880    1884 103286       127100     三级
163  163  251     137.80         上海市     15    153   10676 278931       282000     三级
164  164  252      10.89         南昌市     71    657    4625  72879        50900     三级
165  165  253      14.78         常州市     14    135    8200  83565        30000     四级
166  166  255       5.68         芜湖市     26    837   11721 211881        10900     四级
167  167  257       5.59         郑州市    163   2954    5532  21413        33800     三级
168  168  259      67.50         上海市     36    197   12429 102347       212200     四级
169  169  260      14.39         郑州市      8    364    2936  47442        78900     三级
170  170  263      35.88         北京市     15     66    6891  72849       233000     三级
171  171  266      51.50         青岛市     36    197   12681 152098       198900     三级
172  172  269       4.85         郑州市    114   2451       3  45432        20600     二级
173  173  270       9.09         重庆市     67    382   12986  83632        37800     三级
174  174  273      10.86         郑州市      1    145    9561 153791        30100     三级
175  175  274       8.09         淮安市     76   2429 9002719  32427        47300     二级
176  176  275      19.98         漳州市     14     78    9584 114726        78000     三级
177  177  277      21.98         重庆市     14     78   13889 113813        95500     三级
178  178  278       9.99         杭州市      1 900360 9005950 100863        51900     三级
179  179  279      13.49         上海市      8    364   10209 126838        32200     四级
180  180  280      19.28         青岛市      3    110 9000244  47028       147700     二级
181  181  281      39.50         南宁市     36    588   13015  76207       118900     三级
182  182  282      62.80         北京市     49    754    7374  26052       335000     三级
183  183  283      24.80         郑州市     38    166    5379  64185       130000     二级
184  184  285      10.08         青岛市      3    109    4810  42345        62800     二级
185  185  286      12.08         北京市     12    586    1564  58083        62800     三级
186  186  289      11.28         无锡市     58   2418    2382  23468        50800     三级
187  187  290      11.33         重庆市      1    633 9003434  32364        75300     二级
188  188  291      19.38         青岛市      3    110    3263  42572       116300     二级
189  189  294       4.79         重庆市    163   2566   14430  44128        32000     二级
190  190  295      22.29         重庆市      1    528 9005540  16461       188800     一级
191  191  297      13.98         重庆市      8    364    8952  95580        23700     三级
192  192  298      10.68         上海市     63    355    9502  91556        28000     三级
193  193  299      40.98         北京市     33     18    3165  91305       262100     三级
194  194  301      18.58         重庆市     63    634    5256  42609       130900     三级
195  195  303       8.58         上海市      1    145   11359  74696        28500     三级
196  196  305      10.58         北京市     22    411    8145 140219        13100     四级
197  197  307       8.56         青岛市      1     16 9003427  25378        62200     二级
198  198  308      23.58         南宁市      1    871   11913 119128        80000     三级
199  199  310      13.09         郑州市      8    364    2928  24357        76800     二级
200  200  311      19.99         郑州市     12     50    5597  54076       103800     三级
201  201  312      15.00         无锡市     63    448    3971  37848        88600     三级
202  202  313      12.38 临夏回族自治州    181   2123 9004238  32918        75300     二级
203  203  314      23.68         青岛市      1    496   10767  97724        70000     四级
204  204  316      16.28         南宁市      1    614   10997 127544        65900     三级
205  205  317      18.69         苏州市     71   2313    7764  29754       120000     二级
206  206  318      12.38         重庆市      8    364    5132  57868        62800     三级
207  207  319      28.60         苏州市     15   2561 9009224  11403       262000     一级
208  208  320       7.58         苏州市      1     16   12385  71131        37000     四级
209  209  322       9.98         北京市     12    586    1562  69178        45500     三级
210  210  325      12.28         无锡市     13     99    9373  99741        26800     四级
211  211  326       8.19         北京市     71    439    8188  64207        20800     三级
212  212  327      13.48         青岛市     14   3085    5918  21655        91700     一级
213  213  328       4.29         苏州市     26    837 9004251   9521        33600     二级
214  214  331      10.89         承德市     72    639   12821  83250        35900     四级
215  215  332      24.98         武汉市     14    859   11296  43733        92100     三级
216  216  333      12.48         青岛市      3   3462 9004804  36034       105000     一级
217  217  334      18.38         重庆市     12    358    5297  67333        83900     三级
218  218  335       5.39         重庆市     75   2085    2290  60300        30400     二级
219  219  336       5.08         崇左市    114   2139    1010  66822        27800     二级
220  220  337       7.48         新乡市    120   3412   15130   7234        56300     一级
221  221  339       8.68         随州市     77   2120    5701  64745        39400     三级
222  222  340      11.58         北京市     38    875    5064 101896        21000     三级
223  223  341      41.20         青岛市      3    334    3452 147300       175800     二级
224  224  345       9.60         北京市      1    145   11104  59662        38800     三级
225  225  346       9.29         重庆市     76   2778 9002511  36905        62900     二级
226  226  348      23.28         北京市      1    496    6229  53923       158800     二级
227  227  350       6.39         北京市     77   2304    3449  57396        40900     三级
228  228  351      12.88         成都市     68   2768    4686  53307        55300     三级
229  229  352      18.19         重庆市     71   2313    5179  19410        91000     三级
230  230  353      13.68         重庆市     82   2560    7747  30650        73800     二级
231  231  355      12.18         北京市      1     15    8507 167954        21800     四级
232  232  358       7.68         武汉市     25   3556 9001090  51625        48100     二级
233  233  360      23.98         苏州市      1    372    1834  85211       120000     三级
234  234  362      18.58         重庆市     63    634    5256  17902       146900     二级
235  235  363      14.98         北京市     19    537   11671  82903        48500     三级
236  236  364      17.88         济南市     62   2137    2321  52616       102100     三级
237  237  365       6.58         重庆市    203   3361    7967  33928        40600     二级
238  238  366      19.19         成都市     67    772   11226  89663        66100     四级
239  239  367      18.08         南京市     63    564   13874 226497        72000     三级
240  240  368      18.88         德阳市     62   2246    3007  48884       102100     二级
241  241  369       7.68         北京市     26    530   11917  64639        19800     四级
242  242  373      28.99         成都市     38    166    5116  76556       173100     二级
243  243  374      11.28         苏州市      1    614   13092  89167        51600     三级
244  244  375      13.48         北京市     58    363    8844  64493        38800     三级
245  245  376      38.88         南京市     15     66    2385  67084       155100     四级
246  246  377      40.98         南京市     33     18    7538  64900       288000     三级
247  247  378      15.68         北京市     12   3292 9000016  29511       111600     二级
248  248  379       8.48         南京市     84   3080 9000183  47876        54600     二级
249  249  380      11.98         苏州市     63    425    8388 127971        27700     二级
250  250  381       5.39         成都市     75   2085    2290 146101        25500     三级
251  251  382      33.98         济南市     38    834 9008229   9767       251000     二级
252  252  383       5.99         重庆市     76    705   10840 135942        15900     三级
253  253  385      24.68         苏州市      3    770   10822 185247        86300     三级
254  254  386       8.18         重庆市     71   2348    1552  33605        31800     三级
255  255  387      17.98         武汉市      8   3175    6446  36765        98000     二级
256  256  388      47.58         北京市     33     18   11343 135755       148000     三级
257  257  390      10.78         北京市      1    633    2126 118038        50300     三级
258  258  392       4.38         长沙市     25    608   13181  56843        10000     三级
259  259  393      40.98         武汉市     33     18    7538  21359       302000     二级
260  260  394      45.96         武汉市     15     65    4178  82527       275000     三级
261  261  397      22.50         成都市      1    210    9224  42151        81100     二级
262  262  398      24.28         武汉市      1    528    7671  92385       148000     三级
263  263  399       8.69         长沙市     38    875 9002704  15148        53000     二级
264  264  400      25.50         苏州市     56    209   14673  13736       186200     二级
265  265  401      25.48         苏州市      1    528    4757  77646       143600     三级
266  266  403       4.69         宁波市     75    579    6340  19372        18800     三级
267  267  404      10.98         北京市     12    586    1563  46747        63800     三级
268  268  405       4.39         长沙市     75    407    2287  40290        25800     二级
269  269  407      12.98         北京市    173   3417 9002270  13093        75200     二级
270  270  408      55.96         济南市     15     65    4180  74651       330000     三级
271  271  410      24.98         北京市     58   2118    4197  43179       156800     三级
272  272  411      13.49         成都市     71    657    4629  86761        67800     三级
273  273  412      27.68         宁波市      1    874    5976  37844       178000     二级
274  274  413      17.98         成都市      8    577   11893  83883        61100     四级
275  275  414       3.70         西安市     53     75    3579  99652        16000     三级
276  276  415      24.98         宝鸡市     12   2927    4994  61182       168200     二级
277  277  416      20.99         成都市     12     50    5599  31537       102100     三级
278  278  420       8.28         北京市      1     16    5082  72197        51300     三级
279  279  421      93.00         成都市     36     59    3641  80597       405900     三级
280  280  422      20.47         成都市     13   2299    4141  43435        85100     三级
281  281  423      22.68         北京市      3    110   10732 108258        88900     三级
282  282  425      26.88         南京市      1    905    6064  66540       190000     三级
283  283  426       8.99         西安市     71    657 9001442  24366        62100     二级
284  284  427      27.98         杭州市     75   3430 9001013  25402       166300     一级
285  285  430      35.88         合肥市     15     66    6891  41181       220000     三级
286  286  432       5.78         成都市     71    163   12193  58710        23000     四级
287  287  433      17.98         南京市      8    577   11893 132973        62300     三级
288  288  434       9.79         南京市      8    659    1458  40483        45500     三级
289  289  436       9.28         杭州市      1     16    5083  45453        54000     三级
290  290  437      10.79         西安市     38    875    9844  87600        31800     三级
291  291  438      13.88         武汉市     11   3267   14859  11536        91900     二级
292  292  439      48.19         杭州市     33    812    2473  25883       251800     二级
293  293  440      10.58         南京市     38    875    5069  94006        24200     四级
294  294  441      31.88         南京市     47   3207 9005106  29769       212900     三级
295  295  442      10.98         长沙市     13     99    9368 114424        24400     三级
296  296  443      13.38         南京市      1    614   10044  73529        40800     三级
297  297  444      10.48         西安市     12     51    6704 127634        13000     四级
298  298  445       8.98         杭州市     14     81   14093  64308        48300     三级
299  299  446      10.78         长沙市      1    633    7594  21374        72900     二级
300  300  447      13.69         杭州市     67    519   10809  78769        37100     三级
301  301  449      13.98         长沙市     14    135   15172  12127       106900     二级
302  302  450      13.48         西安市      1    614   13107  73490        68800     三级
303  303  451      19.48         淮北市     12   3672 9002249   6668       150000     二级
304  304  452      10.78         西安市      1    633    9937 144991        42500     三级
305  305  453      13.28         南京市    181   3481 9005847  10803       115800     二级
306  306  454      12.85         宁波市     67    519    1916  38501        53900     二级
307  307  455      11.50         宁波市     45    620    3665  20995        73000     二级
308  308  456      10.48         南京市      8    364   12904  29972        37200     三级
309  309  458       9.99         南京市     75   2088    7846  34861        51900     三级
310  310  459      12.38         南京市     12     51   13437  91310        11700     四级
311  311  460       8.59         宁波市     75   3283 9001513  27496        50100     三级
312  312  462       5.78         西安市    114   2139    1014  58398        28300     三级
313  313  463      10.99         宁波市     71    657 9001196  39189        76500     三级
314  314  464       9.69         南京市     38    875    5075  89379        48000     四级
315  315  465       8.98         南京市     12     51    8986 114530        26800     四级
316  316  468      15.78         南京市     14    135   10118  88738        45500     四级
317  317  469      12.88         南京市    181   2123 9001127  41771        85100     三级
318  318  470      19.28         南京市      3    110   12317 220596        87100     三级
319  319  471      18.19         长沙市     71   2313    5175  26325       104300     三级
320  320  473      14.38         杭州市     62   2886    4309  59053        78800     三级
321  321  474      25.98         长沙市     14   2168    3233  82667       146300     三级
322  322  475      11.59         南京市     38    875    5147  68331        46900     四级
323  323  476       8.99         南京市      1 900360 9005978  69645        61800     二级
324  324  477      19.48         绍兴市     12   3672 9002249  47765       152200     一级
325  325  478      23.98         南京市      8   2863    4566  61739       145000     三级
326  326  479       6.59         南京市     77   2090   12633  98643        22200     四级
327  327  480       9.48         南京市     72     98 9001162  57779        45500     三级
328  328  481      12.48         南京市      1    614   10043  52446        46800     三级
329  329  482      39.00         杭州市     52    403    2573  75269       201900     二级
330  330  483      10.38         南京市     72    639 9005174  77453        58600     三级
331  331  484      16.69         南京市     12     50    5592  75780        75200     四级
332  332  485      17.98         杨陵区      1    826   11020  71752        61700     四级
333  333  486       8.98         杭州市     12     51    8986 118507        25800     三级
334  334  488      19.98         南京市      8    577   14067  98073        83900     四级
335  335  489       5.15         南京市     26    837    4806  41675        26000     三级
336  336  490      11.58         南京市     12   2764 9005916  30880        88000     二级
337  337  492      11.48         杭州市     62   2886    4306  71868        62800     二级
338  338  494       9.48         南京市     72     98 9001162  57997        46500     三级
339  339  495       6.68         湖州市     71    163   11795  60142        21400     三级
340  340  496      11.88         北京市      1    633   10451 139760        43300     二级
341  341  498      25.98         北京市     63    634    9989 177121        78800     四级
342  342  499      16.98         北京市      1    442   13509 201518        68100     三级
343  343  500      12.59         重庆市      1    614    5694  27676        66800     三级
344  344  502       5.78         重庆市    114   2139    1295  46608        36100     二级
345  345  506      15.99         北京市     38   2896    7222  52274        93300     二级
346  346  511      12.48         重庆市     53   3185    6506  33576        70000     三级
347  347  512      10.80         重庆市      1    145   11016 102046        44100     三级
348  348  513       9.98         北京市      8    364    3441 108627        48500     三级
349  349  516       8.38         武汉市     72     98    6755  32010        45100     二级
350  350  518      11.28         武汉市      8   2871    4875  25003        83500     二级
351  351  519      19.98         武汉市     63    634   13648  83330        91600     四级
352  352  521      19.38         北京市      1    333   13730  56268       101000     三级
353  353  523      13.58         北京市      1    442   10465  63748        50100     四级
354  354  524      11.88         武汉市     72    639   13199  71986        37900     三级
355  355  527      18.18         北京市      1    826   11021  64396        68000     三级
356  356  528      13.98         深圳市      3    526    9135 123391        50000     二级
357  357  529      25.98         深圳市     14     78   11442 129404        35100     三级
358  358  530       5.78         芜湖市     71    163    6899  17683        31600     二级
359  359  532      21.39         深圳市      1   3457 9001328  22310       155000     二级
360  360  533      13.89         嘉兴市     58   3294   14880  47235       113100     三级
361  361  534       8.28         重庆市     63     64   13772  92574        39300     三级
362  362  535      20.90         重庆市     38    166    7371  95390       116900     三级
363  363  537      10.79         武汉市     38    875   13094  35207        36000     三级
364  364  540       9.89         重庆市      8    659   10685 104401        28000     三级
365  365  541      10.79         杭州市     38    875   13094 158548        33800     四级
366  366  542      15.38         武汉市      1    442    2718 121224        71100     三级
367  367  544      10.89         梅州市     71    657   14076  57902        41100     三级
368  368  546      11.58         常州市     38    875    5064 166472        16500     四级
369  369  548      13.19         扬州市     63   3817 9004224   4236       108800     二级
370  370  550       9.99         深圳市     62   2319    4076  70804        58800     二级
371  371  552      10.98         深圳市     12    586    1563  60678        59000     二级
372  372  553      28.80         杭州市     68    486   13582  77640       107100     三级
373  373  554      13.49         西安市      8    364   10212  69190        38800     三级
374  374  555      11.58         杭州市     38    875    5064 108855        12100     四级
375  375  556      14.98         合肥市      8    364 9006068   7231       105800     一级
376  376  557       9.39         西安市     71    439    8495  27271        20000     三级
377  377  559      11.48         武汉市      8    364   12906  48061        43000     三级
378  378  560       8.99         南京市     19   3857 9004669   2174        72800     一级
379  379  563      11.28         信阳市     58   2418    2035 141970        44400     三级
380  380  564      13.98         杭州市      3    526   10082 178800        38300     三级
381  381  567      24.08         南京市      3    375   10486  23785       110000     三级
382  382  569       2.98         西安市    114   2456      25  86387        12600     四级
383  383  570      11.28         温州市     62   2886 9001123  11396        82600     一级
384  384  572      17.98         上海市     58     22   10094  90602        53300     四级
385  385  575      15.49         上饶市     71    397   11519 105764        35100     三级
386  386  576      11.88         杭州市     72    639   11075 170151        31500     三级
387  387  577      13.58         周口市      1    442   10465  51649        42100     三级
388  388  578      17.98         苏州市     14     78    7643  83508       132800     三级
389  389  579       4.09         杭州市     75    579   14158  62576        12100     三级
390  390  580      25.49         南京市     38    834   13870 116960       109000     四级
391  391  581      18.98         南京市      3    110    5286  40144       123400     三级
392  392  583      10.78         南京市      1    633   12807  96993        51400     三级
393  393  584       9.59         无锡市      8    659   10688  70329        38200     三级
394  394  585      39.99         深圳市     33     18   11338 150052       136000     三级
395  395  586      17.98         常州市     58     22    4019  60834        85000     三级
396  396  587      14.99         吉安市     38    982   12511  38202        52500     三级
397  397  588      12.78         西安市      8    364   12907  54069        47500     三级
398  398  590      20.68         西安市     14     78    6753  72179       145000     三级
399  399  591      13.98         深圳市     63    425    7494 156092        28000     三级
400  400  592      23.98         南京市      1    528   14278  22597       116300     四级
401  401  593      12.78         南京市     38    875    5040  83591        18800     四级
402  402  594       9.69         南京市     38    875    5075 146967        46300     三级
403  403  596      12.78         西安市      3    526    9136 107904        40300     四级
404  404  598       9.98         苏州市      1    207    9617 162569        36900     三级
405  405  599      12.98         东莞市     25   3589 9002368  27461       100000     一级
406  406  601      10.19         扬州市     71    439    8496  90716        16100     四级
407  407  602       6.48         南京市     71    163   11796  71953        26700     三级
408  408  603      19.98         上海市     58     22    8004 153161        33300     三级
409  409  604       5.78         深圳市    114   2139    1014 134631        25500     二级
410  410  605      11.98         东莞市      8   3347 9000988  12814        93000     一级
411  411  606      22.50         深圳市      1    210    9224  54429        75700     三级
412  412  607      13.69         南京市      1    614 9003464  26199       101200     二级
413  413  608      11.42         东莞市     14     81   10006 129467        49900     二级
414  414  610      10.79         成都市     38    875   13094  54085        37000     三级
415  415  612      28.80         青岛市     15    373    4299  63298        86900     三级
416  416  613      12.28         西安市     58    363   12893 115745        45600     三级
417  417  615      12.08         苏州市     63    448    3976  41440        72800     三级
418  418  616       7.49         苏州市     71    439   11080 110718        21300     三级
419  419  617      11.68         无锡市     63    425    9498  68615        33300     四级
420  420  619       8.56         青岛市      1     16 9003427  54412        59800     一级
421  421  620       6.39         无锡市     75   2085    2291  62480        22300     四级
422  422  621       8.38         南京市     72     98    6755  42219        48000     三级
423  423  622      25.48         南京市     14    880    4985 143948        52800     四级
424  424  624      24.99         长沙市     38    834   11245  44519        88000     四级
425  425  625      11.28         西安市      8   2871    4875   8885        83900     一级
426  426  626      11.89         南京市      8    364   10211  59094        32000     三级
427  427  627      21.98         太原市      1    496    6228  98058       138300     三级
428  428  628      10.79         青岛市     75   2088    3474  63209        40900     三级
429  429  629      10.98         南京市     12    586   11757  32979        37500     三级
430  430  630      25.58         西安市     14    859   11298  58817       103800     二级
431  431  632       3.20         苏州市     26     87   13418  43010         6500     四级
432  432  633      25.48         郑州市      1    528    4757  49328       146000     三级
433  433  634      18.38         苏州市     62    565   10947 158764        50800     三级
434  434  635      10.58         苏州市      3    109    1845  85334        56900     三级
435  435  636      24.68         无锡市      3    770   10822 113254       112000     三级
436  436  638       5.49         成都市     76   2119   13401  47299        18800     三级
437  437  639       4.39         青岛市     75    407 9007430  38336        28100     二级
438  438  640      11.28         南京市     62   2886    4160  70993        73800     三级
439  439  641      25.29         深圳市     38    834   12490 116574        90900     三级
440  440  643      28.18         南京市      1    874   12278 141072       125100     四级
441  441  644       7.38         济南市     72     98   14068  67000        31000     四级
442  442  645      11.19         长沙市      1    145    4794  73142        60000     三级
443  443  647      20.90         成都市     38    166    7371  84129       125600     二级
444  444  648      12.29         河池市     71    657   10263  86058        41700     三级
445  445  649       8.18         常州市     71   2348    1552  46957        35800     三级
446  446  650       5.98         成都市     53    362   11165  28522        28800     三级
447  447  651       4.68         长沙市     25    447    5093  39760        19800     二级
448  448  652      19.98         深圳市      8    577   14067  69922        82300     三级
449  449  655      12.78         无锡市     12   2764    6975  48081        79100     三级
450  450  657       5.69         郑州市     26   2953    6500 102298        28800     三级
451  451  659      13.68         郑州市     82   2560    7747  10597        90000     一级
452  452  660       4.99         南昌市    163   2954    4781  30760        23000     二级
453  453  663      11.28         无锡市     58    363   12891  90856        45900     三级
454  454  664      11.19         昆明市      1    145   13745  59424        51000     三级
455  455  665      27.98         深圳市     75   3430 9001013  22683       161500     二级
456  456  666      25.98         成都市     14     78   11442 254173        31000     四级
457  457  668      10.48         成都市     14     81    9300 136562        30900     四级
458  458  669      17.98         常州市      3    110    2337  32505       116800     二级
459  459  670      16.48         太原市     63    564   13873  99177        69000     四级
460  460  671      21.78         长沙市     14    314   12356  72910       101800     三级
461  461  672       7.18         成都市     25    799    5158  89977        35700     三级
462  462  673      14.68         昆明市     27 900331 9007852  25366        95100     二级
463  463  674      18.15         长沙市     38    982   11985  74891        56700     四级
464  464  676      11.79         南昌市     38    875   13095  56486        46600     三级
465  465  677      12.88         常州市      1    633   12811  54729        56000     三级
466  466  678       8.28         成都市     53    362    6454  26200        57800     二级
467  467  679       5.68         郑州市     26    837   11721  51493        17800     二级
468  468  680       5.88         长沙市     26    434   11133  88089        11000     三级
469  469  681      12.80         太原市     58    363    9206  59565        46800     三级
470  470  682      20.79         成都市     67    772    2601  64056        85100     四级
471  471  683       8.18         长沙市     26    530   10304  98255        17900     三级
472  472  685      10.98         郑州市     13     99    9368  82554        21900     四级
473  473  687      10.07         长沙市     19   2062   12645  77727        36600     四级
474  474  689      43.80         苏州市     36   2034   12407 159550       114000     四级
475  475  691      13.87         郑州市     20    835    6582  58492        72700     三级
476  476  692      11.98         深圳市      8   2871    4876  24266        78000     二级
477  477  694       8.59         深圳市      1    145   13740  41384        42000     二级
478  478  696      12.49         宁波市     67    519   10808  55060        40100     三级
479  479  697      13.68         深圳市     14   3460 9001732  16474       122200     一级
480  480  698      18.99         郑州市     72    792    5140  63730        94300     三级
481  481  700      13.78         成都市     14    135   10662  80027        67100     三级
482  482  701      23.98         深圳市      1    528   14278  44590       126000     二级
483  483  702       2.98         深圳市    114   2456      25  60434        11500     二级
484  484  704      12.38         成都市    181   2123    6668  32815        85000     三级
485  485  705      14.28         深圳市      1    633   12812  98267        58200     三级
486  486  706      34.99         深圳市     38   3554 9001065  26649       205900     二级
487  487  709       8.29         重庆市     76   2778    7458  36660        52100     一级
488  488  710      13.97         合肥市    113   3341 9001706   6686        90100     一级
489  489  712      14.99         临沂市     38    982    7412  28453        79600     三级
490  490  713      38.36         杭州市     33    812    5790  76709       235000     四级
491  491  714      19.99         深圳市     38    164   10466  91351        68100     三级
492  492  715      18.99         深圳市     38    164 9001670  13224       138000     一级
493  493  716       4.85         深圳市    114   2451       3  76928        21000     三级
494  494  719       9.38         深圳市     62    413    8608 102978        20000     三级
495  495  720      38.80         上海市     36    588    4588  57374       201200     二级
496  496  721       5.68         潮州市     71    163    6898  69922        25900     二级
497  497  724      14.98         成都市      1    871   13389  73286        72600     三级
    有效出价数量 商户成交价     贬值率
1             17      19.23 0.51170836
2              9       1.65 0.12518968
3             20       9.02 0.45145145
4             18       7.83 0.60744763
5            128      39.22 0.78502802
6             62       6.09 0.37407862
7             26      11.73 0.56124402
8             14       1.90 0.27220630
9             27       8.84 0.55284553
10            26       8.95 0.71657326
11            21       4.52 0.58023107
12            37       9.01 0.72137710
13            15       2.01 0.36612022
14            26      30.81 0.66030862
15            24      25.67 0.54316547
16            33      11.50 0.48749470
17             5       6.43 0.55478861
18            24       4.90 0.43439716
19             8       3.78 0.29347826
20            27      14.88 0.55315985
21           103       4.74 0.41506130
22            65      12.35 0.63725490
23            10       8.34 0.27809270
24            13      21.95 0.46132829
25            53      18.98 0.48679148
26            19       2.33 0.18669872
27            26       3.11 0.31162325
28            13       8.50 0.57471264
29             8       2.54 0.18168813
30            36       9.49 0.77850697
31            59       5.30 0.75931232
32            17       6.02 0.24773663
33            17       3.44 0.37068966
34           165      14.22 0.55373832
35            45       3.21 0.24355083
36            20       8.56 0.45076356
37            11       3.96 0.31230284
38            63       8.68 0.64391691
39             9       5.24 0.26226226
40            39       3.58 0.45373891
41            90       7.01 0.78062361
42            42       4.20 0.53299492
43            55      13.81 0.51568335
44            61       5.32 0.49766137
45            22       8.89 0.40817264
46             8       1.46 0.30103093
47             8       7.58 0.36129647
48            55      12.28 0.64699684
49             6       3.76 0.33011414
50            20       6.38 0.54858126
51            31       8.59 0.48558508
52            59       6.29 0.38636364
53            86      12.53 0.57006369
54            47      10.69 0.69914977
55            18       9.83 0.67374914
56            20       3.52 0.32352941
57            50       6.29 0.42214765
58            77       7.91 0.43993326
59            22      16.98 0.59578947
60            95       9.56 0.69375907
61            21       7.36 0.63284609
62            25       6.97 0.70905392
63             8       1.27 0.37463127
64            58       4.68 0.39032527
65            61      12.41 0.64035088
66            44       5.67 0.45799677
67            52      12.69 0.38466202
68            19       4.42 0.36259229
69            84      10.58 0.75679542
70            12       9.96 0.45313922
71             9       1.41 0.18850267
72            36       3.38 0.19905771
73            71       4.09 0.25918885
74            39       5.83 0.32424917
75            63       8.58 0.63649852
76            23       4.05 0.36885246
77            40       8.47 0.65760870
78            83       5.03 0.64569961
79            41       4.15 0.65977742
80            19       7.01 0.48714385
81            14       3.13 0.44842407
82            53      10.22 0.56277533
83            34       2.53 0.49705305
84            38       5.29 0.44120100
85           103       8.65 0.67683881
86             6       1.05 0.09924386
87            49       5.12 0.40062598
88            13       5.14 0.44695652
89            46       6.98 0.53323147
90            11       2.17 0.11082737
91            19      14.23 0.54147641
92            28       3.71 0.34099265
93             7       5.17 0.48819641
94            55       5.57 0.50728597
95            78       9.98 0.50455005
96            17       6.68 0.57685665
97            40      11.20 0.43784206
98             9      13.81 0.37629428
99            46       7.84 0.87305122
100           48       6.38 0.38596491
101           21       6.33 0.70411568
102           22       7.95 0.72404372
103           33      12.00 0.44977511
104           34       5.50 0.54563492
105           13       4.05 0.27569775
106           42       9.48 0.77768663
107           26       1.46 0.12829525
108           13       1.56 0.11746988
109           31      14.27 0.68277512
110            9       3.29 0.34704641
111           19      13.52 0.50260223
112           31       5.19 0.38472943
113           14       5.50 0.55611729
114           15       1.59 0.08377239
115           21       9.88 0.54315558
116           26       1.56 0.16613419
117            6       1.08 0.29589041
118           18       3.37 0.15544280
119           13       7.21 0.63918440
120           24       2.32 0.38095238
121            6       4.10 0.45707915
122           56       5.29 0.41071429
123           43       5.51 0.51543499
124            5       3.26 0.29935721
125           69       7.99 0.64539580
126           34       5.67 0.55155642
127            7       5.18 0.28809789
128           19       2.29 0.27960928
129           12       8.73 0.43693694
130           21       5.19 0.37690632
131           67       5.69 0.51821494
132           42       5.21 0.61366313
133           21       8.50 0.29513889
134           34       7.15 0.79621381
135           21       1.53 0.18455971
136           20      28.12 0.31314031
137           14      15.54 0.47378049
138           15       6.37 0.56976744
139           14       7.13 0.55790297
140           24       3.42 0.56157635
141           33       6.70 0.51617874
142           19       6.34 0.51211632
143           76       8.80 0.52443385
144            6       2.72 0.22876367
145           10       1.53 0.17037862
146           17       3.23 0.29660239
147           24      19.18 0.41247312
148           44      11.29 0.52316960
149           12       0.85 0.20782396
150           24      38.12 0.37445972
151            8       4.10 0.30392884
152           16       2.80 0.16489988
153           57      30.77 0.65649669
154           20      12.45 0.48651817
155           28      11.04 0.50227480
156           33      13.58 0.64976077
157           41       3.48 0.45910290
158            5      27.89 0.55802321
159           24       5.19 0.51951952
160            9       4.38 0.42155919
161            5      10.76 0.27674897
162           45      12.61 0.49104361
163           14      27.50 0.19956459
164            5       4.95 0.45454545
165           16       2.94 0.19891746
166            3       1.07 0.18838028
167           15       3.22 0.57602862
168           15      20.64 0.30577778
169           16       7.68 0.53370396
170           51      22.79 0.63517280
171            7      19.89 0.38621359
172           26       2.00 0.41237113
173           13       3.51 0.38613861
174           25       2.95 0.27163904
175           23       4.68 0.57849197
176            8       7.62 0.38138138
177           16       9.39 0.42720655
178           19       5.19 0.51951952
179            9       3.16 0.23424759
180           15      14.39 0.74636929
181           11      11.69 0.29594937
182           10      32.98 0.52515924
183           22      12.88 0.51935484
184           13       6.13 0.60813492
185           30       6.15 0.50910596
186           22       5.03 0.44592199
187            8       7.35 0.64872021
188           37      11.60 0.59855521
189           10       3.10 0.64718163
190           27      18.50 0.82996860
191            5       2.30 0.16452074
192           14       2.78 0.26029963
193           38      25.81 0.62981942
194           24      12.79 0.68837460
195           14       2.78 0.32400932
196            7       1.17 0.11058601
197           30       6.06 0.70794393
198           10       7.78 0.32994063
199           49       7.67 0.58594347
200           17      10.18 0.50925463
201           53       8.67 0.57800000
202           36       7.50 0.60581583
203           20       6.89 0.29096284
204           17       6.27 0.38513514
205           35      11.86 0.63456394
206           14       6.12 0.49434572
207           80      26.18 0.91538462
208           26       3.60 0.47493404
209           30       4.43 0.44388778
210           13       2.63 0.21416938
211           19       2.07 0.25274725
212           23       8.90 0.66023739
213           41       3.35 0.78088578
214            5       3.48 0.31955923
215           23       9.09 0.36389111
216           45      10.19 0.81650641
217            8       8.14 0.44287269
218           25       2.95 0.54730983
219           12       2.71 0.53346457
220           32       5.59 0.74732620
221            7       3.86 0.44470046
222           13       1.84 0.15889465
223           32      17.50 0.42475728
224           25       3.80 0.39583333
225           27       6.28 0.67599569
226           79      15.58 0.66924399
227           23       4.00 0.62597809
228           17       5.38 0.41770186
229           10       8.88 0.48818032
230           16       7.25 0.52997076
231            5       2.13 0.17487685
232           24       4.80 0.62500000
233           24      11.22 0.46788991
234           55      14.68 0.79009688
235           12       4.71 0.31441923
236           11      10.10 0.56487696
237           11       3.96 0.60182371
238            9       6.41 0.33402814
239           19       7.02 0.38827434
240           23       9.90 0.52436441
241           14       1.94 0.25260417
242           28      17.20 0.59330804
243           40       5.06 0.44858156
244           18       3.80 0.28189911
245           34      14.89 0.38297325
246           25      28.60 0.69790142
247           35      10.89 0.69451531
248           30       5.38 0.63443396
249           32       2.70 0.22537563
250            9       2.43 0.45083488
251           40      24.77 0.72895821
252            7       1.54 0.25709516
253           28       8.37 0.33914100
254            7       3.08 0.37652812
255           16       9.39 0.52224694
256           40      14.69 0.30874317
257           24       5.01 0.46474954
258           16       0.85 0.19406393
259           42      29.38 0.71693509
260           27      26.80 0.58311575
261            8       7.90 0.35111111
262           29      14.39 0.59266886
263           29       5.19 0.59723820
264           24      18.09 0.70941176
265           41      14.29 0.56083203
266            8       1.83 0.39019190
267           47       6.13 0.55828780
268           36       2.57 0.58542141
269           19       7.37 0.56779661
270           24      32.90 0.58791994
271            8      15.28 0.61168935
272           30       6.59 0.48851001
273           18      17.50 0.63222543
274            8       6.09 0.33870968
275           14       1.57 0.42432432
276           11      16.38 0.65572458
277           18      10.19 0.48546927
278           20       5.05 0.60990338
279           17      40.13 0.43150538
280           11       8.39 0.40986810
281           27       8.69 0.38315697
282           29      18.50 0.68824405
283           31       6.04 0.67185762
284           21      16.60 0.59328091
285           35      21.80 0.60758082
286            6       2.28 0.39446367
287           21       6.08 0.33815350
288           44       4.49 0.45863126
289           35       5.24 0.56465517
290           19       3.13 0.29008341
291           21       8.96 0.64553314
292           39      25.00 0.51877983
293           16       2.41 0.22778828
294           43      21.00 0.65872020
295           11       2.38 0.21675774
296           28       4.05 0.30269058
297            8       1.26 0.12022901
298           45       4.73 0.52672606
299           26       7.29 0.67625232
300           16       3.62 0.26442659
301           37      10.48 0.74964235
302           45       6.72 0.49851632
303           36      14.88 0.76386037
304           19       4.16 0.38589981
305           65      11.50 0.86596386
306           16       5.31 0.41322957
307           11       7.11 0.61826087
308           23       3.64 0.34732824
309           29       5.11 0.51151151
310           22       1.13 0.09127625
311            8       4.71 0.54831199
312           28       2.80 0.48442907
313           20       7.60 0.69153776
314           15       4.77 0.49226006
315           22       2.65 0.29510022
316           57       4.48 0.28390368
317           51       8.49 0.65916149
318           64       8.70 0.45124481
319           18      10.05 0.55250137
320           66       7.70 0.53546592
321           21      14.51 0.55850654
322           22       4.61 0.39775669
323           18       6.03 0.67074527
324           33      14.82 0.76078029
325           15      14.29 0.59591326
326           19       2.20 0.33383915
327            5       4.41 0.46518987
328           74       4.63 0.37099359
329           40      17.89 0.45871795
330            8       5.80 0.55876686
331           17       7.39 0.44278011
332           10       6.03 0.33537264
333           13       2.52 0.28062361
334           13       8.15 0.40790791
335           42       2.55 0.49514563
336           58       8.55 0.73834197
337           23       6.21 0.54094077
338            5       4.56 0.48101266
339            9       2.08 0.31137725
340           10       4.32 0.36363636
341           12       7.66 0.29484219
342           46       6.68 0.39340400
343           13       6.66 0.52899126
344           42       3.54 0.61245675
345           25       9.26 0.57911194
346           11       6.79 0.54407051
347           22       4.38 0.40555556
348           24       4.74 0.47494990
349           29       4.51 0.53818616
350           33       8.20 0.72695035
351           13       8.89 0.44494494
352           38       9.89 0.51031992
353           23       4.88 0.35935199
354           28       3.70 0.31144781
355           10       6.79 0.37348735
356           37       4.89 0.34978541
357           22       3.43 0.13202463
358           60       3.15 0.54498270
359           38      15.41 0.72043011
360           94      11.30 0.81353492
361            9       3.88 0.46859903
362           15      11.57 0.55358852
363           20       3.51 0.32530120
364           13       2.80 0.28311426
365           14       3.32 0.30769231
366           12       7.07 0.45968791
367            5       4.02 0.36914601
368           10       1.61 0.13903282
369          114      10.70 0.81122062
370           53       5.73 0.57357357
371           47       5.88 0.53551913
372           21      10.37 0.36006944
373           20       3.88 0.28762046
374           11       1.18 0.10189983
375           75      10.31 0.68825100
376           14       1.89 0.20127796
377           11       4.19 0.36498258
378           98       7.22 0.80311457
379            6       4.33 0.38386525
380           14       3.76 0.26895565
381          112      10.68 0.44352159
382           13       1.23 0.41275168
383          100       8.23 0.72960993
384           42       5.10 0.28364850
385            6       3.41 0.22014203
386           11       3.12 0.26262626
387           10       4.09 0.30117820
388           69      13.19 0.73359288
389           21       1.19 0.29095355
390           42      10.80 0.42369557
391           76      12.29 0.64752371
392           58       5.13 0.47588126
393           46       3.71 0.38686131
394           19      13.25 0.33133283
395           39       8.38 0.46607341
396           13       5.20 0.34689793
397           34       4.68 0.36619718
398           21      13.86 0.67021277
399           15       2.78 0.19885551
400           37      11.56 0.48206839
401           31       1.82 0.14241002
402           19       4.53 0.46749226
403           14       3.95 0.30907668
404           13       3.62 0.36272545
405           16       9.63 0.74191063
406            9       1.58 0.15505397
407           66       2.65 0.40895062
408           44       3.25 0.16266266
409           16       2.49 0.43079585
410           54       9.20 0.76794658
411           11       7.34 0.32622222
412           97       9.85 0.71950329
413           40       4.90 0.42907180
414           23       3.70 0.34291010
415           17       8.68 0.30138889
416           59       4.45 0.36237785
417           66       7.28 0.60264901
418           42       2.10 0.28037383
419           14       3.30 0.28253425
420           46       5.89 0.68808411
421           14       2.20 0.34428795
422            5       4.68 0.55847255
423           45       5.05 0.19819466
424           15       8.60 0.34413766
425           38       8.20 0.72695035
426           29       3.18 0.26745164
427           11      13.50 0.61419472
428           18       4.01 0.37164041
429           21       3.65 0.33242259
430           28       9.89 0.38663018
431           17       0.65 0.20312500
432           46      14.60 0.57299843
433           22       4.95 0.26931447
434           74       5.54 0.52362949
435           55      11.18 0.45299838
436           12       1.82 0.33151184
437           33       2.75 0.62642369
438           45       7.31 0.64804965
439           21       8.91 0.35231317
440           27      12.30 0.43647977
441           16       2.92 0.39566396
442           40       5.85 0.52278820
443           32      12.19 0.58325359
444            9       4.05 0.32953621
445           16       3.51 0.42909535
446           24       2.84 0.47491639
447           20       1.98 0.42307692
448           15       8.08 0.40440440
449           80       7.80 0.61032864
450           16       2.80 0.49209139
451           39       8.80 0.64327485
452           13       2.23 0.44689379
453           66       4.58 0.40602837
454           34       5.00 0.44682752
455            7      16.03 0.57290922
456            9       3.09 0.11893764
457           17       3.02 0.28816794
458           70      11.60 0.64516129
459            5       6.76 0.41019417
460           32      10.00 0.45913682
461           31       3.55 0.49442897
462           12       9.23 0.62874659
463           23       5.55 0.30578512
464           19       4.56 0.38676845
465           41       5.58 0.43322981
466           45       5.64 0.68115942
467           32       1.73 0.30457746
468           16       1.10 0.18707483
469           29       4.67 0.36484375
470           16       8.50 0.40885041
471           23       1.75 0.21393643
472            6       2.12 0.19307832
473           25       3.63 0.36047666
474            6      11.33 0.25867580
475           28       7.14 0.51478010
476            6       7.62 0.63606010
477           20       4.09 0.47613504
478           12       3.89 0.31144916
479           51      12.11 0.88523392
480           16       9.22 0.48551869
481           22       6.52 0.47314949
482           29      12.58 0.52460384
483           15       1.13 0.37919463
484           48       8.39 0.67770598
485           27       5.70 0.39915966
486           12      20.19 0.57702201
487           37       5.18 0.62484922
488           36       9.00 0.64423765
489           22       7.73 0.51567712
490           10      23.39 0.60974974
491           12       6.67 0.33366683
492           36      13.49 0.71037388
493           20       2.04 0.42061856
494           11       1.94 0.20682303
495           67      19.83 0.51108247
496            9       2.53 0.44542254
497           39       7.19 0.47997330
> colname
错误: 找不到对象'colname'
> colnames(table_test)
 [1] "X__2"         "X__1"         "厂商指导价"   "车辆归属地"   "品牌id"      
 [6] "车系id"       "车型id"       "里程"         "最高有效出价" "检测等级"    
[11] "有效出价数量" "商户成交价"   "贬值率"      
> colnames(table_test)[14]='按里程分层类别'
Error in names(x) <- value : 
  'names'属性的长度[14]必需和矢量的长度[13]一样
> data(table_test,'按里程分类')
Warning messages:
1: In data(table_test, "按里程分类") : 没有‘table_test’这个数据集
2: In data(table_test, "按里程分类") : 没有‘按里程分类’这个数据集
> table_test$newcol<-0
> colnames(table_test)
 [1] "X__2"         "X__1"         "厂商指导价"   "车辆归属地"   "品牌id"      
 [6] "车系id"       "车型id"       "里程"         "最高有效出价" "检测等级"    
[11] "有效出价数量" "商户成交价"   "贬值率"       "newcol"      
> colnames(table_test)[14]='按里程分层类别'
> colnames(table_test)
 [1] "X__2"           "X__1"           "厂商指导价"     "车辆归属地"     "品牌id"        
 [6] "车系id"         "车型id"         "里程"           "最高有效出价"   "检测等级"      
[11] "有效出价数量"   "商户成交价"     "贬值率"         "按里程分层类别"
> for(c in '里程'){}
> table_test[8,]
# A tibble: 1 x 14
  X__2   X__1 厂商指导价 车辆归属地 品牌id 车系id 车型id   里程 最高有效出价 检测等级
  <chr> <dbl>      <dbl> <chr>       <dbl>  <dbl>  <dbl>  <dbl>        <dbl> <chr>   
1 8      16.0       6.98 成都市       62.0    454   8858 103385        19100 三级    
# ... with 4 more variables: 有效出价数量 <dbl>, 商户成交价 <dbl>, 贬值率 <dbl>,
#   按里程分层类别 <dbl>
> table_test[,8]
# A tibble: 497 x 1
     里程
    <dbl>
 1  28181
 2  96507
 3  84933
 4  17898
 5  26146
 6  71671
 7 106014
 8 103385
 9  66815
10  26512
# ... with 487 more rows
> table_test[1,8]
# A tibble: 1 x 1
   里程
  <dbl>
1 28181
> for(i in 1:498){print i}
错误: unexpected symbol in "for(i in 1:498){print i"
> for(i in 1:498){print (i)}
[1] 1
[1] 2
[1] 3
[1] 4
[1] 5
[1] 6
[1] 7
[1] 8
[1] 9
[1] 10
[1] 11
[1] 12
[1] 13
[1] 14
[1] 15
[1] 16
[1] 17
[1] 18
[1] 19
[1] 20
[1] 21
[1] 22
[1] 23
[1] 24
[1] 25
[1] 26
[1] 27
[1] 28
[1] 29
[1] 30
[1] 31
[1] 32
[1] 33
[1] 34
[1] 35
[1] 36
[1] 37
[1] 38
[1] 39
[1] 40
[1] 41
[1] 42
[1] 43
[1] 44
[1] 45
[1] 46
[1] 47
[1] 48
[1] 49
[1] 50
[1] 51
[1] 52
[1] 53
[1] 54
[1] 55
[1] 56
[1] 57
[1] 58
[1] 59
[1] 60
[1] 61
[1] 62
[1] 63
[1] 64
[1] 65
[1] 66
[1] 67
[1] 68
[1] 69
[1] 70
[1] 71
[1] 72
[1] 73
[1] 74
[1] 75
[1] 76
[1] 77
[1] 78
[1] 79
[1] 80
[1] 81
[1] 82
[1] 83
[1] 84
[1] 85
[1] 86
[1] 87
[1] 88
[1] 89
[1] 90
[1] 91
[1] 92
[1] 93
[1] 94
[1] 95
[1] 96
[1] 97
[1] 98
[1] 99
[1] 100
[1] 101
[1] 102
[1] 103
[1] 104
[1] 105
[1] 106
[1] 107
[1] 108
[1] 109
[1] 110
[1] 111
[1] 112
[1] 113
[1] 114
[1] 115
[1] 116
[1] 117
[1] 118
[1] 119
[1] 120
[1] 121
[1] 122
[1] 123
[1] 124
[1] 125
[1] 126
[1] 127
[1] 128
[1] 129
[1] 130
[1] 131
[1] 132
[1] 133
[1] 134
[1] 135
[1] 136
[1] 137
[1] 138
[1] 139
[1] 140
[1] 141
[1] 142
[1] 143
[1] 144
[1] 145
[1] 146
[1] 147
[1] 148
[1] 149
[1] 150
[1] 151
[1] 152
[1] 153
[1] 154
[1] 155
[1] 156
[1] 157
[1] 158
[1] 159
[1] 160
[1] 161
[1] 162
[1] 163
[1] 164
[1] 165
[1] 166
[1] 167
[1] 168
[1] 169
[1] 170
[1] 171
[1] 172
[1] 173
[1] 174
[1] 175
[1] 176
[1] 177
[1] 178
[1] 179
[1] 180
[1] 181
[1] 182
[1] 183
[1] 184
[1] 185
[1] 186
[1] 187
[1] 188
[1] 189
[1] 190
[1] 191
[1] 192
[1] 193
[1] 194
[1] 195
[1] 196
[1] 197
[1] 198
[1] 199
[1] 200
[1] 201
[1] 202
[1] 203
[1] 204
[1] 205
[1] 206
[1] 207
[1] 208
[1] 209
[1] 210
[1] 211
[1] 212
[1] 213
[1] 214
[1] 215
[1] 216
[1] 217
[1] 218
[1] 219
[1] 220
[1] 221
[1] 222
[1] 223
[1] 224
[1] 225
[1] 226
[1] 227
[1] 228
[1] 229
[1] 230
[1] 231
[1] 232
[1] 233
[1] 234
[1] 235
[1] 236
[1] 237
[1] 238
[1] 239
[1] 240
[1] 241
[1] 242
[1] 243
[1] 244
[1] 245
[1] 246
[1] 247
[1] 248
[1] 249
[1] 250
[1] 251
[1] 252
[1] 253
[1] 254
[1] 255
[1] 256
[1] 257
[1] 258
[1] 259
[1] 260
[1] 261
[1] 262
[1] 263
[1] 264
[1] 265
[1] 266
[1] 267
[1] 268
[1] 269
[1] 270
[1] 271
[1] 272
[1] 273
[1] 274
[1] 275
[1] 276
[1] 277
[1] 278
[1] 279
[1] 280
[1] 281
[1] 282
[1] 283
[1] 284
[1] 285
[1] 286
[1] 287
[1] 288
[1] 289
[1] 290
[1] 291
[1] 292
[1] 293
[1] 294
[1] 295
[1] 296
[1] 297
[1] 298
[1] 299
[1] 300
[1] 301
[1] 302
[1] 303
[1] 304
[1] 305
[1] 306
[1] 307
[1] 308
[1] 309
[1] 310
[1] 311
[1] 312
[1] 313
[1] 314
[1] 315
[1] 316
[1] 317
[1] 318
[1] 319
[1] 320
[1] 321
[1] 322
[1] 323
[1] 324
[1] 325
[1] 326
[1] 327
[1] 328
[1] 329
[1] 330
[1] 331
[1] 332
[1] 333
[1] 334
[1] 335
[1] 336
[1] 337
[1] 338
[1] 339
[1] 340
[1] 341
[1] 342
[1] 343
[1] 344
[1] 345
[1] 346
[1] 347
[1] 348
[1] 349
[1] 350
[1] 351
[1] 352
[1] 353
[1] 354
[1] 355
[1] 356
[1] 357
[1] 358
[1] 359
[1] 360
[1] 361
[1] 362
[1] 363
[1] 364
[1] 365
[1] 366
[1] 367
[1] 368
[1] 369
[1] 370
[1] 371
[1] 372
[1] 373
[1] 374
[1] 375
[1] 376
[1] 377
[1] 378
[1] 379
[1] 380
[1] 381
[1] 382
[1] 383
[1] 384
[1] 385
[1] 386
[1] 387
[1] 388
[1] 389
[1] 390
[1] 391
[1] 392
[1] 393
[1] 394
[1] 395
[1] 396
[1] 397
[1] 398
[1] 399
[1] 400
[1] 401
[1] 402
[1] 403
[1] 404
[1] 405
[1] 406
[1] 407
[1] 408
[1] 409
[1] 410
[1] 411
[1] 412
[1] 413
[1] 414
[1] 415
[1] 416
[1] 417
[1] 418
[1] 419
[1] 420
[1] 421
[1] 422
[1] 423
[1] 424
[1] 425
[1] 426
[1] 427
[1] 428
[1] 429
[1] 430
[1] 431
[1] 432
[1] 433
[1] 434
[1] 435
[1] 436
[1] 437
[1] 438
[1] 439
[1] 440
[1] 441
[1] 442
[1] 443
[1] 444
[1] 445
[1] 446
[1] 447
[1] 448
[1] 449
[1] 450
[1] 451
[1] 452
[1] 453
[1] 454
[1] 455
[1] 456
[1] 457
[1] 458
[1] 459
[1] 460
[1] 461
[1] 462
[1] 463
[1] 464
[1] 465
[1] 466
[1] 467
[1] 468
[1] 469
[1] 470
[1] 471
[1] 472
[1] 473
[1] 474
[1] 475
[1] 476
[1] 477
[1] 478
[1] 479
[1] 480
[1] 481
[1] 482
[1] 483
[1] 484
[1] 485
[1] 486
[1] 487
[1] 488
[1] 489
[1] 490
[1] 491
[1] 492
[1] 493
[1] 494
[1] 495
[1] 496
[1] 497
[1] 498
> table_test[498,8]
# A tibble: 1 x 1
   里程
  <dbl>
1    NA
> table_test[497,8]
# A tibble: 1 x 1
   里程
  <dbl>
1 73286
> for(i in 1:497){if(table_test[i,8]<3000){table_test[i,14]=1}else if(table_test[i,8]>3000&&table_test[i,8]<10000){table_test[i,14]=2}else if(table_test[i,8]>10000&&table_test[i,8]<100000){table_test[i,14]=3}else if(table_test[i,8]>100000){table_test[i,14]=4}}
> table_test
# A tibble: 497 x 14
   X__2   X__1 厂商指导价 车辆归属地 品牌id 车系id  车型id   里程 最高有效出价 检测等级
   <chr> <dbl>      <dbl> <chr>       <dbl>  <dbl>   <dbl>  <dbl>        <dbl> <chr>   
 1 1      2.00      37.6  成都市      73.0   383      3630  28181       200200 二级    
 2 2      4.00      13.2  成都市      38.0   875      6944  96507        16800 四级    
 3 3      5.00      20.0  南京市       8.00  577     14067  84933        91300 三级    
 4 4      8.00      12.9  南京市      67.0   519     14773  17898        80000 二级    
 5 5     11.0       50.0  南京市      15.0    65.0    6808  26146       402200 二级    
 6 6     12.0       16.3  南京市       1.00  442     11598  71671        60900 三级    
 7 7     14.0       20.9  南京市      38.0   166      3281 106014       121000 三级    
 8 8     16.0        6.98 成都市      62.0   454      8858 103385        19100 三级    
 9 9     17.0       16.0  成都市      38.0  2896      7222  66815        90900 二级    
10 10    18.0       12.5  南京市       1.00  614   9005852  26512        91500 三级    
# ... with 487 more rows, and 4 more variables: 有效出价数量 <dbl>, 商户成交价 <dbl>,
#   贬值率 <dbl>, 按里程分层类别 <dbl>
> write.xlsx(table_test,'/Users/neonrocks/Desktop/抽样调查期末报告的副本/二手车分层信息.xlsx')
> table_test$'按里程分层类别'
  [1] 3 3 3 3 3 3 4 4 3 3 4 3 3 3 4 3 3 3 4 3 3 4 4 4 3 3 3 3 3 3 3 4 4 3 3 3 3 3 4 3 3 3 4
 [44] 3 3 4 3 4 4 3 3 3 3 3 3 4 3 3 3 1 3 3 2 3 3 3 3 3 3 3 3 4 4 4 3 3 3 3 3 3 4 3 3 3 3 4
 [87] 3 3 3 4 3 4 3 3 3 3 3 3 3 4 4 3 3 3 3 3 4 4 3 3 3 3 3 4 3 4 3 3 3 3 3 4 3 3 3 4 3 3 3
[130] 4 3 3 3 3 4 4 4 3 3 3 3 3 3 4 3 3 4 4 3 4 3 4 3 3 3 3 3 3 3 3 4 4 4 3 3 4 3 4 3 3 4 3
[173] 3 4 3 4 4 4 4 3 3 3 3 3 3 3 3 3 3 3 3 3 3 3 3 4 3 4 3 3 3 3 3 4 3 3 3 3 3 3 3 3 2 3 3
[216] 3 3 3 3 2 3 4 4 3 3 3 3 3 3 3 4 3 3 3 3 3 3 3 4 3 3 3 3 3 3 3 3 3 4 4 2 4 4 3 3 4 4 3
[259] 3 3 3 3 3 3 3 3 3 3 3 3 3 3 3 3 3 3 3 3 3 3 4 3 3 3 3 3 4 3 3 3 3 3 3 3 4 3 4 3 3 3 3
[302] 3 2 4 3 3 3 3 3 3 3 3 3 3 4 3 3 4 3 3 3 3 3 3 3 3 3 3 3 3 3 3 4 3 3 3 3 3 3 4 4 4 3 3
[345] 3 3 4 4 3 3 3 3 3 3 3 4 4 3 3 3 3 3 3 4 4 4 3 4 2 3 3 3 3 4 2 3 3 1 4 4 3 3 3 3 4 4 3
[388] 3 3 4 3 3 3 4 3 3 3 3 4 3 3 4 4 4 3 3 3 4 4 3 3 3 4 3 3 4 3 4 3 3 3 3 4 3 2 3 3 3 3 3
[431] 3 3 4 3 4 3 3 3 4 4 3 3 3 3 3 3 3 3 3 4 3 3 3 3 3 4 4 3 3 3 3 3 3 3 3 3 3 3 3 3 3 3 3
[474] 4 3 3 3 3 3 3 3 3 3 3 3 3 3 2 3 3 3 3 3 4 3 3 3
> table(table_test$'按里程分层类别')

  1   2   3   4 
  2   9 377 109 
> for(i in 1:497){if(table_test[i,8]<50000){table_test[i,14]=1}else if(table_test[i,8]>50000&&table_test[i,8]<100000){table_test[i,14]=2}else if(table_test[i,8]>100000&&table_test[i,8]<150000){table_test[i,14]=3}else if(table_test[i,8]>200000){table_test[i,14]=4}}
> table(table_test$'按里程分层类别')

  1   2   3   4 
169 219  76  33 
> for(i in 1:497){if(table_test[i,8]<10000){table_test[i,14]=1}else if(table_test[i,8]>10000&&table_test[i,8]<50000){table_test[i,14]=2}else if(table_test[i,8]>50000&&table_test[i,8]<100000){table_test[i,14]=3}else if(table_test[i,8]>100000&&table_test[i,8]<150000){table_test[i,14]=4}else if(table_test[i,8]>150000){table_test[i,14]=5}}
> table(table_test$'按里程分层类别')

  1   2   3   4   5 
 11 158 219  76  33 
> for(i in 1:497){if(table_test[i,8]<30000){table_test[i,14]=1}else if(table_test[i,8]>30000&&table_test[i,8]<50000){table_test[i,14]=2}else if(table_test[i,8]>50000&&table_test[i,8]<100000){table_test[i,14]=3}else if(table_test[i,8]>100000&&table_test[i,8]<150000){table_test[i,14]=4}else if(table_test[i,8]>150000){table_test[i,14]=5}}
> table(table_test$'按里程分层类别')

  1   2   3   4   5 
 81  88 219  76  33 
> write.xlsx(table_test,'/Users/neonrocks/Desktop/抽样调查期末报告的副本/二手车分层信息.xlsx')
> sub2=strata(table_test, stratanames='按里程分层类别', size=c(5,6,13,4,2), method="srswor",description=T)
Error in strata(table_test, stratanames = "按里程分层类别", size = c(5,  : 
  没有"strata"这个函数
> library(sampling)
Error in library(sampling) : 不存在叫‘sampling’这个名字的程辑包
> install.packages('sampling')
还安装相依关系‘lpSolve’

试开URL’https://mirrors.eliteu.cn/CRAN/bin/macosx/el-capitan/contrib/3.4/lpSolve_5.6.13.tgz'
Content type 'application/x-gzip' length 1024909 bytes (1000 KB)
==================================================
downloaded 1000 KB

试开URL’https://mirrors.eliteu.cn/CRAN/bin/macosx/el-capitan/contrib/3.4/sampling_2.8.tgz'
Content type 'application/x-gzip' length 778112 bytes (759 KB)
==================================================
downloaded 759 KB


下载的二进制程序包在
	/var/folders/2y/sg09mlhd19v99y9pgy56q5b00000gn/T//RtmpGH1c4u/downloaded_packages里
> library(sampling)
> sub2=strata(table_test, stratanames='按里程分层类别', size=c(5,6,13,4,2), method="srswor",description=T)
Stratum 1 

Population total and number of selected units: 81 5 
Stratum 2 

Population total and number of selected units: 219 6 
Stratum 3 

Population total and number of selected units: 76 13 
Stratum 4 

Population total and number of selected units: 88 4 
Stratum 5 

Population total and number of selected units: 33 2 
Number of strata  5 
Total number of selected units 30 
> sub2
    按里程分层类别 ID_unit       Prob Stratum
5                1       5 0.06172840       1
131              1     131 0.06172840       1
283              1     283 0.06172840       1
425              1     425 0.06172840       1
489              1     489 0.06172840       1
42               3      42 0.02739726       2
109              3     109 0.02739726       2
227              3     227 0.02739726       2
233              3     233 0.02739726       2
238              3     238 0.02739726       2
352              3     352 0.02739726       2
7                4       7 0.17105263       3
86               4      86 0.17105263       3
92               4      92 0.17105263       3
126              4     126 0.17105263       3
148              4     148 0.17105263       3
162              4     162 0.17105263       3
168              4     168 0.17105263       3
178              4     178 0.17105263       3
179              4     179 0.17105263       3
204              4     204 0.17105263       3
256              4     256 0.17105263       3
295              4     295 0.17105263       3
418              4     418 0.17105263       3
87               2      87 0.04545455       4
139              2     139 0.04545455       4
215              2     215 0.04545455       4
452              2     452 0.04545455       4
107              5     107 0.06060606       5
408              5     408 0.06060606       5
> sub2=strata(table_test, stratanames='按里程分层类别', size=c(5,13,4,6,2), method="srswor",description=T)
Stratum 1 

Population total and number of selected units: 81 5 
Stratum 2 

Population total and number of selected units: 219 13 
Stratum 3 

Population total and number of selected units: 76 4 
Stratum 4 

Population total and number of selected units: 88 6 
Stratum 5 

Population total and number of selected units: 33 2 
Number of strata  5 
Total number of selected units 30 
> getdata(tabel_test,sub2)
Error in is.data.frame(data) : 找不到对象'tabel_test'
> getdata(table_test,sub2)
    X__2 X__1 厂商指导价 车辆归属地 品牌id 车系id  车型id   里程 最高有效出价 检测等级
112  112  170      13.49     青岛市     71    657    2648  21888        52800     四级
263  263  399       8.69     长沙市     38    875 9002704  15148        53000     二级
383  383  570      11.28     温州市     62   2886 9001123  11396        82600     一级
400  400  592      23.98     南京市      1    528   14278  22597       116300     四级
410  410  605      11.98     东莞市      8   3347 9000988  12814        93000     一级
36    36   55      18.99     重庆市     12     50   14233  78094        87800     二级
52    52   85      16.28     郑州市      1    442   13663  87002        63200     三级
77    77  121      12.88     成都市    181   2123 9001127  52338        86600     三级
113  113  172       9.89     昆明市      8    659    5189  82637        55500     三级
159  159  246       9.99     杭州市      1 900360 9005950  99825        52100     二级
235  235  363      14.98     北京市     19    537   11671  82903        48500     三级
243  243  374      11.28     苏州市      1    614   13092  89167        51600     三级
270  270  408      55.96     济南市     15     65    4180  74651       330000     三级
327  327  480       9.48     南京市     72     98 9001162  57779        45500     三级
330  330  483      10.38     南京市     72    639 9005174  77453        58600     三级
332  332  485      17.98     杨陵区      1    826   11020  71752        61700     四级
370  370  550       9.99     深圳市     62   2319    4076  70804        58800     二级
463  463  674      18.15     长沙市     38    982   11985  74891        56700     四级
74    74  118      17.98     上海市     58     22   10094 124127        60000     四级
92    92  144      10.88     成都市     53    529   10799 114699        38100     三级
178  178  278       9.99     杭州市      1 900360 9005950 100863        51900     三级
402  402  594       9.69     南京市     38    875    5075 146967        46300     三级
134  134  200       8.98     青岛市     14   3859 9004282  46559        72000     二级
248  248  379       8.48     南京市     84   3080 9000183  47876        54600     二级
306  306  454      12.85     宁波市     67    519    1916  38501        53900     二级
313  313  463      10.99     宁波市     71    657 9001196  39189        76500     三级
436  436  638       5.49     成都市     76   2119   13401  47299        18800     三级
477  477  694       8.59     深圳市      1    145   13740  41384        42000     二级
107  107  163      11.38     苏州市     12     51    6714 159432        14900     四级
231  231  355      12.18     北京市      1     15    8507 167954        21800     四级
    有效出价数量 商户成交价    贬值率 按里程分层类别 ID_unit       Prob Stratum
112           31       5.19 0.3847294              1     112 0.06172840       1
263           29       5.19 0.5972382              1     263 0.06172840       1
383          100       8.23 0.7296099              1     383 0.06172840       1
400           37      11.56 0.4820684              1     400 0.06172840       1
410           54       9.20 0.7679466              1     410 0.06172840       1
36            20       8.56 0.4507636              3      36 0.05936073       2
52            59       6.29 0.3863636              3      52 0.05936073       2
77            40       8.47 0.6576087              3      77 0.05936073       2
113           14       5.50 0.5561173              3     113 0.05936073       2
159           24       5.19 0.5195195              3     159 0.05936073       2
235           12       4.71 0.3144192              3     235 0.05936073       2
243           40       5.06 0.4485816              3     243 0.05936073       2
270           24      32.90 0.5879199              3     270 0.05936073       2
327            5       4.41 0.4651899              3     327 0.05936073       2
330            8       5.80 0.5587669              3     330 0.05936073       2
332           10       6.03 0.3353726              3     332 0.05936073       2
370           53       5.73 0.5735736              3     370 0.05936073       2
463           23       5.55 0.3057851              3     463 0.05936073       2
74            39       5.83 0.3242492              4      74 0.05263158       3
92            28       3.71 0.3409926              4      92 0.05263158       3
178           19       5.19 0.5195195              4     178 0.05263158       3
402           19       4.53 0.4674923              4     402 0.05263158       3
134           34       7.15 0.7962138              2     134 0.06818182       4
248           30       5.38 0.6344340              2     248 0.06818182       4
306           16       5.31 0.4132296              2     306 0.06818182       4
313           20       7.60 0.6915378              2     313 0.06818182       4
436           12       1.82 0.3315118              2     436 0.06818182       4
477           20       4.09 0.4761350              2     477 0.06818182       4
107           26       1.46 0.1282953              5     107 0.06060606       5
231            5       2.13 0.1748768              5     231 0.06060606       5
> strateSampling=getdata(table_test,sub2)
> strateSampling
    X__2 X__1 厂商指导价 车辆归属地 品牌id 车系id  车型id   里程 最高有效出价 检测等级
112  112  170      13.49     青岛市     71    657    2648  21888        52800     四级
263  263  399       8.69     长沙市     38    875 9002704  15148        53000     二级
383  383  570      11.28     温州市     62   2886 9001123  11396        82600     一级
400  400  592      23.98     南京市      1    528   14278  22597       116300     四级
410  410  605      11.98     东莞市      8   3347 9000988  12814        93000     一级
36    36   55      18.99     重庆市     12     50   14233  78094        87800     二级
52    52   85      16.28     郑州市      1    442   13663  87002        63200     三级
77    77  121      12.88     成都市    181   2123 9001127  52338        86600     三级
113  113  172       9.89     昆明市      8    659    5189  82637        55500     三级
159  159  246       9.99     杭州市      1 900360 9005950  99825        52100     二级
235  235  363      14.98     北京市     19    537   11671  82903        48500     三级
243  243  374      11.28     苏州市      1    614   13092  89167        51600     三级
270  270  408      55.96     济南市     15     65    4180  74651       330000     三级
327  327  480       9.48     南京市     72     98 9001162  57779        45500     三级
330  330  483      10.38     南京市     72    639 9005174  77453        58600     三级
332  332  485      17.98     杨陵区      1    826   11020  71752        61700     四级
370  370  550       9.99     深圳市     62   2319    4076  70804        58800     二级
463  463  674      18.15     长沙市     38    982   11985  74891        56700     四级
74    74  118      17.98     上海市     58     22   10094 124127        60000     四级
92    92  144      10.88     成都市     53    529   10799 114699        38100     三级
178  178  278       9.99     杭州市      1 900360 9005950 100863        51900     三级
402  402  594       9.69     南京市     38    875    5075 146967        46300     三级
134  134  200       8.98     青岛市     14   3859 9004282  46559        72000     二级
248  248  379       8.48     南京市     84   3080 9000183  47876        54600     二级
306  306  454      12.85     宁波市     67    519    1916  38501        53900     二级
313  313  463      10.99     宁波市     71    657 9001196  39189        76500     三级
436  436  638       5.49     成都市     76   2119   13401  47299        18800     三级
477  477  694       8.59     深圳市      1    145   13740  41384        42000     二级
107  107  163      11.38     苏州市     12     51    6714 159432        14900     四级
231  231  355      12.18     北京市      1     15    8507 167954        21800     四级
    有效出价数量 商户成交价    贬值率 按里程分层类别 ID_unit       Prob Stratum
112           31       5.19 0.3847294              1     112 0.06172840       1
263           29       5.19 0.5972382              1     263 0.06172840       1
383          100       8.23 0.7296099              1     383 0.06172840       1
400           37      11.56 0.4820684              1     400 0.06172840       1
410           54       9.20 0.7679466              1     410 0.06172840       1
36            20       8.56 0.4507636              3      36 0.05936073       2
52            59       6.29 0.3863636              3      52 0.05936073       2
77            40       8.47 0.6576087              3      77 0.05936073       2
113           14       5.50 0.5561173              3     113 0.05936073       2
159           24       5.19 0.5195195              3     159 0.05936073       2
235           12       4.71 0.3144192              3     235 0.05936073       2
243           40       5.06 0.4485816              3     243 0.05936073       2
270           24      32.90 0.5879199              3     270 0.05936073       2
327            5       4.41 0.4651899              3     327 0.05936073       2
330            8       5.80 0.5587669              3     330 0.05936073       2
332           10       6.03 0.3353726              3     332 0.05936073       2
370           53       5.73 0.5735736              3     370 0.05936073       2
463           23       5.55 0.3057851              3     463 0.05936073       2
74            39       5.83 0.3242492              4      74 0.05263158       3
92            28       3.71 0.3409926              4      92 0.05263158       3
178           19       5.19 0.5195195              4     178 0.05263158       3
402           19       4.53 0.4674923              4     402 0.05263158       3
134           34       7.15 0.7962138              2     134 0.06818182       4
248           30       5.38 0.6344340              2     248 0.06818182       4
306           16       5.31 0.4132296              2     306 0.06818182       4
313           20       7.60 0.6915378              2     313 0.06818182       4
436           12       1.82 0.3315118              2     436 0.06818182       4
477           20       4.09 0.4761350              2     477 0.06818182       4
107           26       1.46 0.1282953              5     107 0.06060606       5
231            5       2.13 0.1748768              5     231 0.06060606       5
> write.xlsx(strateSampling,'/Users/neonrocks/Desktop/抽样调查期末报告的副本/二手车分层抽样.xlsx')
> strateSamplingg
错误: 找不到对象'strateSamplingg'
> strateSampling
    X__2 X__1 厂商指导价 车辆归属地 品牌id 车系id  车型id   里程 最高有效出价 检测等级
112  112  170      13.49     青岛市     71    657    2648  21888        52800     四级
263  263  399       8.69     长沙市     38    875 9002704  15148        53000     二级
383  383  570      11.28     温州市     62   2886 9001123  11396        82600     一级
400  400  592      23.98     南京市      1    528   14278  22597       116300     四级
410  410  605      11.98     东莞市      8   3347 9000988  12814        93000     一级
36    36   55      18.99     重庆市     12     50   14233  78094        87800     二级
52    52   85      16.28     郑州市      1    442   13663  87002        63200     三级
77    77  121      12.88     成都市    181   2123 9001127  52338        86600     三级
113  113  172       9.89     昆明市      8    659    5189  82637        55500     三级
159  159  246       9.99     杭州市      1 900360 9005950  99825        52100     二级
235  235  363      14.98     北京市     19    537   11671  82903        48500     三级
243  243  374      11.28     苏州市      1    614   13092  89167        51600     三级
270  270  408      55.96     济南市     15     65    4180  74651       330000     三级
327  327  480       9.48     南京市     72     98 9001162  57779        45500     三级
330  330  483      10.38     南京市     72    639 9005174  77453        58600     三级
332  332  485      17.98     杨陵区      1    826   11020  71752        61700     四级
370  370  550       9.99     深圳市     62   2319    4076  70804        58800     二级
463  463  674      18.15     长沙市     38    982   11985  74891        56700     四级
74    74  118      17.98     上海市     58     22   10094 124127        60000     四级
92    92  144      10.88     成都市     53    529   10799 114699        38100     三级
178  178  278       9.99     杭州市      1 900360 9005950 100863        51900     三级
402  402  594       9.69     南京市     38    875    5075 146967        46300     三级
134  134  200       8.98     青岛市     14   3859 9004282  46559        72000     二级
248  248  379       8.48     南京市     84   3080 9000183  47876        54600     二级
306  306  454      12.85     宁波市     67    519    1916  38501        53900     二级
313  313  463      10.99     宁波市     71    657 9001196  39189        76500     三级
436  436  638       5.49     成都市     76   2119   13401  47299        18800     三级
477  477  694       8.59     深圳市      1    145   13740  41384        42000     二级
107  107  163      11.38     苏州市     12     51    6714 159432        14900     四级
231  231  355      12.18     北京市      1     15    8507 167954        21800     四级
    有效出价数量 商户成交价    贬值率 按里程分层类别 ID_unit       Prob Stratum
112           31       5.19 0.3847294              1     112 0.06172840       1
263           29       5.19 0.5972382              1     263 0.06172840       1
383          100       8.23 0.7296099              1     383 0.06172840       1
400           37      11.56 0.4820684              1     400 0.06172840       1
410           54       9.20 0.7679466              1     410 0.06172840       1
36            20       8.56 0.4507636              3      36 0.05936073       2
52            59       6.29 0.3863636              3      52 0.05936073       2
77            40       8.47 0.6576087              3      77 0.05936073       2
113           14       5.50 0.5561173              3     113 0.05936073       2
159           24       5.19 0.5195195              3     159 0.05936073       2
235           12       4.71 0.3144192              3     235 0.05936073       2
243           40       5.06 0.4485816              3     243 0.05936073       2
270           24      32.90 0.5879199              3     270 0.05936073       2
327            5       4.41 0.4651899              3     327 0.05936073       2
330            8       5.80 0.5587669              3     330 0.05936073       2
332           10       6.03 0.3353726              3     332 0.05936073       2
370           53       5.73 0.5735736              3     370 0.05936073       2
463           23       5.55 0.3057851              3     463 0.05936073       2
74            39       5.83 0.3242492              4      74 0.05263158       3
92            28       3.71 0.3409926              4      92 0.05263158       3
178           19       5.19 0.5195195              4     178 0.05263158       3
402           19       4.53 0.4674923              4     402 0.05263158       3
134           34       7.15 0.7962138              2     134 0.06818182       4
248           30       5.38 0.6344340              2     248 0.06818182       4
306           16       5.31 0.4132296              2     306 0.06818182       4
313           20       7.60 0.6915378              2     313 0.06818182       4
436           12       1.82 0.3315118              2     436 0.06818182       4
477           20       4.09 0.4761350              2     477 0.06818182       4
107           26       1.46 0.1282953              5     107 0.06060606       5
231            5       2.13 0.1748768              5     231 0.06060606       5
> var(strateSampling[,13])
[1] 0.02690548
> table_test1
# A tibble: 30 x 13
   X__2   X__1 厂商指导价 车辆归属地 品牌id 车系id  车型id   里程 最高有效出价 检测等级
   <chr> <dbl>      <dbl> <chr>       <dbl>  <dbl>   <dbl>  <dbl>        <dbl> <chr>   
 1 343     500      12.6  重庆市       1.00    614    5694  27676        66800 三级    
 2 352     521      19.4  北京市       1.00    333   13730  56268       101000 三级    
 3 476     692      12.0  深圳市       8.00   2871    4876  24266        78000 二级    
 4 404     598       9.98 苏州市       1.00    207    9617 162569        36900 三级    
 5 443     647      20.9  成都市      38.0     166    7371  84129       125600 二级    
 6 383     570      11.3  温州市      62.0    2886 9001123  11396        82600 一级    
 7 249     380      12.0  苏州市      63.0     425    8388 127971        27700 二级    
 8 168     259      67.5  上海市      36.0     197   12429 102347       212200 四级    
 9 478     696      12.5  宁波市      67.0     519   10808  55060        40100 三级    
10 427     627      22.0  太原市       1.00    496    6228  98058       138300 三级    
# ... with 20 more rows, and 3 more variables: 有效出价数量 <dbl>, 商户成交价 <dbl>,
#   贬值率 <dbl>
> var(table_test1[,13])
           贬值率
贬值率 0.02563451
> f=30/497
> f
[1] 0.06036217
> vy=((1-f)/30)*var(table_test1[,13])
> vy
             贬值率
贬值率 0.0008029051
> var(strateSampling[1:5,13])
[1] 0.02624167
> strateSampling[1:5,13]
[1] 0.3847294 0.5972382 0.7296099 0.4820684 0.7679466
> S1=var(strateSampling[1:5,13])
> S2=var(strateSampling[6:18,13])
> S3=var(strateSampling[19:22,13])
> S4=var(strateSampling[23:28,13])
> S5=var(strateSampling[29:30,13])
> vyprop=((87/497)**2)*S1+((219/497)**2)*S2+((76/497)**2)*S3+((88/497)**2)*S4+((33/497)**2)*S5
> vyprop
[1] 0.004521965
> W1=(87/497
+ 
+ asd
错误: unexpected symbol in:
"
asd"
> W1=87/497,W2=219/497,W3=76/497,W4=88/497,W5=33/497
错误: 意外的',' in "W1=87/497,"
> W1=87/497;W2=219/497;W3=76/497;W4=88/497;W5=33/497
> W3
[1] 0.1529175
> W1=81/497
> W1+W2+W3+W4+W5
[1] 1
> f1=5/81;f2=13/219;f3=4/76;f4=6/88;f5=2/33
> vyst=(W1**2)*((1-f1)/5)*S1+(W2**2)*((1-f2)/13)*S2+(W3**2)*((1-f3)/4)*S3+(W4**2)*((1-f4)/6)*S4+(W5**2)*((1-f5)/2)*S5
> vyst
[1] 0.0005197018
> 